exports[`test renders correctly with test ID, city and image 1`] = `
<div
  className="gallery__body__thumb">
  <a
    onClick={[Function]}
    style={Object {}}>
    <img
      alt=""
      className="gallery__body__thumb-img"
      src="/galleries/1/small/test.jpg" />
  </a>
</div>
`;
